MO counter_4bit NULL counter_4bit.v vlg36/counter__4bit.bin 1701418678
MO trafficTimer NULL trafficTimer.v vlg78/traffic_timer.bin 1701418678
MO carSensorSync NULL carSensorSync.v vlg05/car_sensor_sync.bin 1701418678
MO BCDto7SegmentDecoder NULL BCDto7SegmentDecoder.v vlg00/_b_c_dto7_segment_decoder.bin 1701418678
MO trafficController NULL trafficController.v vlg4F/traffic_controller.bin 1701418678
MO trafficNextState NULL trafficNextState.v vlg13/traffic_next_state.bin 1701418678
MO trafficlightDecoder NULL trafficlightDecoder.v vlg51/trafficlight_decoder.bin 1701418678
